------------------------------------------------------------
TimeQuest Timing Analyzer Summary
------------------------------------------------------------

Type  : Slow 1200mV 85C Model Setup 'Clock'
Slack : -4.929
TNS   : -114.749

Type  : Slow 1200mV 85C Model Hold 'Clock'
Slack : 0.072
TNS   : 0.000

Type  : Slow 1200mV 85C Model Minimum Pulse Width 'Clock'
Slack : -3.000
TNS   : -43.000

Type  : Slow 1200mV 85C Model Minimum Pulse Width 'reset'
Slack : -3.000
TNS   : -15.000

Type  : Slow 1200mV 0C Model Setup 'Clock'
Slack : -4.363
TNS   : -99.556

Type  : Slow 1200mV 0C Model Hold 'Clock'
Slack : 0.064
TNS   : 0.000

Type  : Slow 1200mV 0C Model Minimum Pulse Width 'Clock'
Slack : -3.000
TNS   : -43.000

Type  : Slow 1200mV 0C Model Minimum Pulse Width 'reset'
Slack : -3.000
TNS   : -15.000

Type  : Fast 1200mV 0C Model Setup 'Clock'
Slack : -2.420
TNS   : -50.403

Type  : Fast 1200mV 0C Model Hold 'Clock'
Slack : 0.075
TNS   : 0.000

Type  : Fast 1200mV 0C Model Minimum Pulse Width 'Clock'
Slack : -3.000
TNS   : -46.610

Type  : Fast 1200mV 0C Model Minimum Pulse Width 'reset'
Slack : -3.000
TNS   : -15.720

------------------------------------------------------------
